OMGHAI!
-------- day 0 --------
name, sellIn, quality
+5 Dexterity Vest, 10, 20
Aged Brie, 2, 0
Elixir of the Mongoose, 5, 7
Sulfuras, Hand of Ragnaros, 0, 80
Sulfuras, Hand of Ragnaros, -1, 80
Backstage passes to a TAFKAL80ETC concert, 15, 20
Backstage passes to a TAFKAL80ETC concert, 10, 49
Backstage passes to a TAFKAL80ETC concert, 5, 49
Conjured Mana Cake, 3, 6

-------- day 1 --------
name, sellIn, quality
+5 Dexterity Vest, 10, 19
Aged Brie, 2, 0
Elixir of the Mongoose, 5, 6
Sulfuras, Hand of Ragnaros, 0, 80
Sulfuras, Hand of Ragnaros, -1, 80
Backstage passes to a TAFKAL80ETC concert, 15, 20
Backstage passes to a TAFKAL80ETC concert, 10, 49
Backstage passes to a TAFKAL80ETC concert, 5, 49
Conjured Mana Cake, 3, 5

-------- day 2 --------
name, sellIn, quality
+5 Dexterity Vest, 10, 18
Aged Brie, 2, 0
Elixir of the Mongoose, 5, 5
Sulfuras, Hand of Ragnaros, 0, 80
Sulfuras, Hand of Ragnaros, -1, 80
Backstage passes to a TAFKAL80ETC concert, 15, 20
Backstage passes to a TAFKAL80ETC concert, 10, 49
Backstage passes to a TAFKAL80ETC concert, 5, 49
Conjured Mana Cake, 3, 4

-------- day 3 --------
name, sellIn, quality
+5 Dexterity Vest, 10, 17
Aged Brie, 2, 0
Elixir of the Mongoose, 5, 4
Sulfuras, Hand of Ragnaros, 0, 80
Sulfuras, Hand of Ragnaros, -1, 80
Backstage passes to a TAFKAL80ETC concert, 15, 20
Backstage passes to a TAFKAL80ETC concert, 10, 49
Backstage passes to a TAFKAL80ETC concert, 5, 49
Conjured Mana Cake, 3, 3

-------- day 4 --------
name, sellIn, quality
+5 Dexterity Vest, 10, 16
Aged Brie, 2, 0
Elixir of the Mongoose, 5, 3
Sulfuras, Hand of Ragnaros, 0, 80
Sulfuras, Hand of Ragnaros, -1, 80
Backstage passes to a TAFKAL80ETC concert, 15, 20
Backstage passes to a TAFKAL80ETC concert, 10, 49
Backstage passes to a TAFKAL80ETC concert, 5, 49
Conjured Mana Cake, 3, 2

-------- day 5 --------
name, sellIn, quality
+5 Dexterity Vest, 10, 15
Aged Brie, 2, 0
Elixir of the Mongoose, 5, 2
Sulfuras, Hand of Ragnaros, 0, 80
Sulfuras, Hand of Ragnaros, -1, 80
Backstage passes to a TAFKAL80ETC concert, 15, 20
Backstage passes to a TAFKAL80ETC concert, 10, 49
Backstage passes to a TAFKAL80ETC concert, 5, 49
Conjured Mana Cake, 3, 1

-------- day 6 --------
name, sellIn, quality
+5 Dexterity Vest, 10, 14
Aged Brie, 2, 0
Elixir of the Mongoose, 5, 1
Sulfuras, Hand of Ragnaros, 0, 80
Sulfuras, Hand of Ragnaros, -1, 80
Backstage passes to a TAFKAL80ETC concert, 15, 20
Backstage passes to a TAFKAL80ETC concert, 10, 49
Backstage passes to a TAFKAL80ETC concert, 5, 49
Conjured Mana Cake, 3, 0

-------- day 7 --------
name, sellIn, quality
+5 Dexterity Vest, 10, 13
Aged Brie, 2, 0
Elixir of the Mongoose, 5, 0
Sulfuras, Hand of Ragnaros, 0, 80
Sulfuras, Hand of Ragnaros, -1, 80
Backstage passes to a TAFKAL80ETC concert, 15, 20
Backstage passes to a TAFKAL80ETC concert, 10, 49
Backstage passes to a TAFKAL80ETC concert, 5, 49
Conjured Mana Cake, 3, 0

-------- day 8 --------
name, sellIn, quality
+5 Dexterity Vest, 10, 12
Aged Brie, 2, 0
Elixir of the Mongoose, 5, 0
Sulfuras, Hand of Ragnaros, 0, 80
Sulfuras, Hand of Ragnaros, -1, 80
Backstage passes to a TAFKAL80ETC concert, 15, 20
Backstage passes to a TAFKAL80ETC concert, 10, 49
Backstage passes to a TAFKAL80ETC concert, 5, 49
Conjured Mana Cake, 3, 0

-------- day 9 --------
name, sellIn, quality
+5 Dexterity Vest, 10, 11
Aged Brie, 2, 0
Elixir of the Mongoose, 5, 0
Sulfuras, Hand of Ragnaros, 0, 80
Sulfuras, Hand of Ragnaros, -1, 80
Backstage passes to a TAFKAL80ETC concert, 15, 20
Backstage passes to a TAFKAL80ETC concert, 10, 49
Backstage passes to a TAFKAL80ETC concert, 5, 49
Conjured Mana Cake, 3, 0

-------- day 10 --------
name, sellIn, quality
+5 Dexterity Vest, 10, 10
Aged Brie, 2, 0
Elixir of the Mongoose, 5, 0
Sulfuras, Hand of Ragnaros, 0, 80
Sulfuras, Hand of Ragnaros, -1, 80
Backstage passes to a TAFKAL80ETC concert, 15, 20
Backstage passes to a TAFKAL80ETC concert, 10, 49
Backstage passes to a TAFKAL80ETC concert, 5, 49
Conjured Mana Cake, 3, 0

-------- day 11 --------
name, sellIn, quality
+5 Dexterity Vest, 10, 9
Aged Brie, 2, 0
Elixir of the Mongoose, 5, 0
Sulfuras, Hand of Ragnaros, 0, 80
Sulfuras, Hand of Ragnaros, -1, 80
Backstage passes to a TAFKAL80ETC concert, 15, 20
Backstage passes to a TAFKAL80ETC concert, 10, 49
Backstage passes to a TAFKAL80ETC concert, 5, 49
Conjured Mana Cake, 3, 0

-------- day 12 --------
name, sellIn, quality
+5 Dexterity Vest, 10, 8
Aged Brie, 2, 0
Elixir of the Mongoose, 5, 0
Sulfuras, Hand of Ragnaros, 0, 80
Sulfuras, Hand of Ragnaros, -1, 80
Backstage passes to a TAFKAL80ETC concert, 15, 20
Backstage passes to a TAFKAL80ETC concert, 10, 49
Backstage passes to a TAFKAL80ETC concert, 5, 49
Conjured Mana Cake, 3, 0

-------- day 13 --------
name, sellIn, quality
+5 Dexterity Vest, 10, 7
Aged Brie, 2, 0
Elixir of the Mongoose, 5, 0
Sulfuras, Hand of Ragnaros, 0, 80
Sulfuras, Hand of Ragnaros, -1, 80
Backstage passes to a TAFKAL80ETC concert, 15, 20
Backstage passes to a TAFKAL80ETC concert, 10, 49
Backstage passes to a TAFKAL80ETC concert, 5, 49
Conjured Mana Cake, 3, 0

-------- day 14 --------
name, sellIn, quality
+5 Dexterity Vest, 10, 6
Aged Brie, 2, 0
Elixir of the Mongoose, 5, 0
Sulfuras, Hand of Ragnaros, 0, 80
Sulfuras, Hand of Ragnaros, -1, 80
Backstage passes to a TAFKAL80ETC concert, 15, 20
Backstage passes to a TAFKAL80ETC concert, 10, 49
Backstage passes to a TAFKAL80ETC concert, 5, 49
Conjured Mana Cake, 3, 0

-------- day 15 --------
name, sellIn, quality
+5 Dexterity Vest, 10, 5
Aged Brie, 2, 0
Elixir of the Mongoose, 5, 0
Sulfuras, Hand of Ragnaros, 0, 80
Sulfuras, Hand of Ragnaros, -1, 80
Backstage passes to a TAFKAL80ETC concert, 15, 20
Backstage passes to a TAFKAL80ETC concert, 10, 49
Backstage passes to a TAFKAL80ETC concert, 5, 49
Conjured Mana Cake, 3, 0

-------- day 16 --------
name, sellIn, quality
+5 Dexterity Vest, 10, 4
Aged Brie, 2, 0
Elixir of the Mongoose, 5, 0
Sulfuras, Hand of Ragnaros, 0, 80
Sulfuras, Hand of Ragnaros, -1, 80
Backstage passes to a TAFKAL80ETC concert, 15, 20
Backstage passes to a TAFKAL80ETC concert, 10, 49
Backstage passes to a TAFKAL80ETC concert, 5, 49
Conjured Mana Cake, 3, 0

-------- day 17 --------
name, sellIn, quality
+5 Dexterity Vest, 10, 3
Aged Brie, 2, 0
Elixir of the Mongoose, 5, 0
Sulfuras, Hand of Ragnaros, 0, 80
Sulfuras, Hand of Ragnaros, -1, 80
Backstage passes to a TAFKAL80ETC concert, 15, 20
Backstage passes to a TAFKAL80ETC concert, 10, 49
Backstage passes to a TAFKAL80ETC concert, 5, 49
Conjured Mana Cake, 3, 0

-------- day 18 --------
name, sellIn, quality
+5 Dexterity Vest, 10, 2
Aged Brie, 2, 0
Elixir of the Mongoose, 5, 0
Sulfuras, Hand of Ragnaros, 0, 80
Sulfuras, Hand of Ragnaros, -1, 80
Backstage passes to a TAFKAL80ETC concert, 15, 20
Backstage passes to a TAFKAL80ETC concert, 10, 49
Backstage passes to a TAFKAL80ETC concert, 5, 49
Conjured Mana Cake, 3, 0

-------- day 19 --------
name, sellIn, quality
+5 Dexterity Vest, 10, 1
Aged Brie, 2, 0
Elixir of the Mongoose, 5, 0
Sulfuras, Hand of Ragnaros, 0, 80
Sulfuras, Hand of Ragnaros, -1, 80
Backstage passes to a TAFKAL80ETC concert, 15, 20
Backstage passes to a TAFKAL80ETC concert, 10, 49
Backstage passes to a TAFKAL80ETC concert, 5, 49
Conjured Mana Cake, 3, 0

-------- day 20 --------
name, sellIn, quality
+5 Dexterity Vest, 10, 0
Aged Brie, 2, 0
Elixir of the Mongoose, 5, 0
Sulfuras, Hand of Ragnaros, 0, 80
Sulfuras, Hand of Ragnaros, -1, 80
Backstage passes to a TAFKAL80ETC concert, 15, 20
Backstage passes to a TAFKAL80ETC concert, 10, 49
Backstage passes to a TAFKAL80ETC concert, 5, 49
Conjured Mana Cake, 3, 0

-------- day 21 --------
name, sellIn, quality
+5 Dexterity Vest, 10, 0
Aged Brie, 2, 0
Elixir of the Mongoose, 5, 0
Sulfuras, Hand of Ragnaros, 0, 80
Sulfuras, Hand of Ragnaros, -1, 80
Backstage passes to a TAFKAL80ETC concert, 15, 20
Backstage passes to a TAFKAL80ETC concert, 10, 49
Backstage passes to a TAFKAL80ETC concert, 5, 49
Conjured Mana Cake, 3, 0

-------- day 22 --------
name, sellIn, quality
+5 Dexterity Vest, 10, 0
Aged Brie, 2, 0
Elixir of the Mongoose, 5, 0
Sulfuras, Hand of Ragnaros, 0, 80
Sulfuras, Hand of Ragnaros, -1, 80
Backstage passes to a TAFKAL80ETC concert, 15, 20
Backstage passes to a TAFKAL80ETC concert, 10, 49
Backstage passes to a TAFKAL80ETC concert, 5, 49
Conjured Mana Cake, 3, 0

-------- day 23 --------
name, sellIn, quality
+5 Dexterity Vest, 10, 0
Aged Brie, 2, 0
Elixir of the Mongoose, 5, 0
Sulfuras, Hand of Ragnaros, 0, 80
Sulfuras, Hand of Ragnaros, -1, 80
Backstage passes to a TAFKAL80ETC concert, 15, 20
Backstage passes to a TAFKAL80ETC concert, 10, 49
Backstage passes to a TAFKAL80ETC concert, 5, 49
Conjured Mana Cake, 3, 0

-------- day 24 --------
name, sellIn, quality
+5 Dexterity Vest, 10, 0
Aged Brie, 2, 0
Elixir of the Mongoose, 5, 0
Sulfuras, Hand of Ragnaros, 0, 80
Sulfuras, Hand of Ragnaros, -1, 80
Backstage passes to a TAFKAL80ETC concert, 15, 20
Backstage passes to a TAFKAL80ETC concert, 10, 49
Backstage passes to a TAFKAL80ETC concert, 5, 49
Conjured Mana Cake, 3, 0

-------- day 25 --------
name, sellIn, quality
+5 Dexterity Vest, 10, 0
Aged Brie, 2, 0
Elixir of the Mongoose, 5, 0
Sulfuras, Hand of Ragnaros, 0, 80
Sulfuras, Hand of Ragnaros, -1, 80
Backstage passes to a TAFKAL80ETC concert, 15, 20
Backstage passes to a TAFKAL80ETC concert, 10, 49
Backstage passes to a TAFKAL80ETC concert, 5, 49
Conjured Mana Cake, 3, 0

-------- day 26 --------
name, sellIn, quality
+5 Dexterity Vest, 10, 0
Aged Brie, 2, 0
Elixir of the Mongoose, 5, 0
Sulfuras, Hand of Ragnaros, 0, 80
Sulfuras, Hand of Ragnaros, -1, 80
Backstage passes to a TAFKAL80ETC concert, 15, 20
Backstage passes to a TAFKAL80ETC concert, 10, 49
Backstage passes to a TAFKAL80ETC concert, 5, 49
Conjured Mana Cake, 3, 0

-------- day 27 --------
name, sellIn, quality
+5 Dexterity Vest, 10, 0
Aged Brie, 2, 0
Elixir of the Mongoose, 5, 0
Sulfuras, Hand of Ragnaros, 0, 80
Sulfuras, Hand of Ragnaros, -1, 80
Backstage passes to a TAFKAL80ETC concert, 15, 20
Backstage passes to a TAFKAL80ETC concert, 10, 49
Backstage passes to a TAFKAL80ETC concert, 5, 49
Conjured Mana Cake, 3, 0

-------- day 28 --------
name, sellIn, quality
+5 Dexterity Vest, 10, 0
Aged Brie, 2, 0
Elixir of the Mongoose, 5, 0
Sulfuras, Hand of Ragnaros, 0, 80
Sulfuras, Hand of Ragnaros, -1, 80
Backstage passes to a TAFKAL80ETC concert, 15, 20
Backstage passes to a TAFKAL80ETC concert, 10, 49
Backstage passes to a TAFKAL80ETC concert, 5, 49
Conjured Mana Cake, 3, 0

-------- day 29 --------
name, sellIn, quality
+5 Dexterity Vest, 10, 0
Aged Brie, 2, 0
Elixir of the Mongoose, 5, 0
Sulfuras, Hand of Ragnaros, 0, 80
Sulfuras, Hand of Ragnaros, -1, 80
Backstage passes to a TAFKAL80ETC concert, 15, 20
Backstage passes to a TAFKAL80ETC concert, 10, 49
Backstage passes to a TAFKAL80ETC concert, 5, 49
Conjured Mana Cake, 3, 0

-------- day 30 --------
name, sellIn, quality
+5 Dexterity Vest, 10, 0
Aged Brie, 2, 0
Elixir of the Mongoose, 5, 0
Sulfuras, Hand of Ragnaros, 0, 80
Sulfuras, Hand of Ragnaros, -1, 80
Backstage passes to a TAFKAL80ETC concert, 15, 20
Backstage passes to a TAFKAL80ETC concert, 10, 49
Backstage passes to a TAFKAL80ETC concert, 5, 49
Conjured Mana Cake, 3, 0

-------- day 31 --------
name, sellIn, quality
+5 Dexterity Vest, 10, 0
Aged Brie, 2, 0
Elixir of the Mongoose, 5, 0
Sulfuras, Hand of Ragnaros, 0, 80
Sulfuras, Hand of Ragnaros, -1, 80
Backstage passes to a TAFKAL80ETC concert, 15, 20
Backstage passes to a TAFKAL80ETC concert, 10, 49
Backstage passes to a TAFKAL80ETC concert, 5, 49
Conjured Mana Cake, 3, 0

-------- day 32 --------
name, sellIn, quality
+5 Dexterity Vest, 10, 0
Aged Brie, 2, 0
Elixir of the Mongoose, 5, 0
Sulfuras, Hand of Ragnaros, 0, 80
Sulfuras, Hand of Ragnaros, -1, 80
Backstage passes to a TAFKAL80ETC concert, 15, 20
Backstage passes to a TAFKAL80ETC concert, 10, 49
Backstage passes to a TAFKAL80ETC concert, 5, 49
Conjured Mana Cake, 3, 0

-------- day 33 --------
name, sellIn, quality
+5 Dexterity Vest, 10, 0
Aged Brie, 2, 0
Elixir of the Mongoose, 5, 0
Sulfuras, Hand of Ragnaros, 0, 80
Sulfuras, Hand of Ragnaros, -1, 80
Backstage passes to a TAFKAL80ETC concert, 15, 20
Backstage passes to a TAFKAL80ETC concert, 10, 49
Backstage passes to a TAFKAL80ETC concert, 5, 49
Conjured Mana Cake, 3, 0

-------- day 34 --------
name, sellIn, quality
+5 Dexterity Vest, 10, 0
Aged Brie, 2, 0
Elixir of the Mongoose, 5, 0
Sulfuras, Hand of Ragnaros, 0, 80
Sulfuras, Hand of Ragnaros, -1, 80
Backstage passes to a TAFKAL80ETC concert, 15, 20
Backstage passes to a TAFKAL80ETC concert, 10, 49
Backstage passes to a TAFKAL80ETC concert, 5, 49
Conjured Mana Cake, 3, 0

-------- day 35 --------
name, sellIn, quality
+5 Dexterity Vest, 10, 0
Aged Brie, 2, 0
Elixir of the Mongoose, 5, 0
Sulfuras, Hand of Ragnaros, 0, 80
Sulfuras, Hand of Ragnaros, -1, 80
Backstage passes to a TAFKAL80ETC concert, 15, 20
Backstage passes to a TAFKAL80ETC concert, 10, 49
Backstage passes to a TAFKAL80ETC concert, 5, 49
Conjured Mana Cake, 3, 0

-------- day 36 --------
name, sellIn, quality
+5 Dexterity Vest, 10, 0
Aged Brie, 2, 0
Elixir of the Mongoose, 5, 0
Sulfuras, Hand of Ragnaros, 0, 80
Sulfuras, Hand of Ragnaros, -1, 80
Backstage passes to a TAFKAL80ETC concert, 15, 20
Backstage passes to a TAFKAL80ETC concert, 10, 49
Backstage passes to a TAFKAL80ETC concert, 5, 49
Conjured Mana Cake, 3, 0

-------- day 37 --------
name, sellIn, quality
+5 Dexterity Vest, 10, 0
Aged Brie, 2, 0
Elixir of the Mongoose, 5, 0
Sulfuras, Hand of Ragnaros, 0, 80
Sulfuras, Hand of Ragnaros, -1, 80
Backstage passes to a TAFKAL80ETC concert, 15, 20
Backstage passes to a TAFKAL80ETC concert, 10, 49
Backstage passes to a TAFKAL80ETC concert, 5, 49
Conjured Mana Cake, 3, 0

-------- day 38 --------
name, sellIn, quality
+5 Dexterity Vest, 10, 0
Aged Brie, 2, 0
Elixir of the Mongoose, 5, 0
Sulfuras, Hand of Ragnaros, 0, 80
Sulfuras, Hand of Ragnaros, -1, 80
Backstage passes to a TAFKAL80ETC concert, 15, 20
Backstage passes to a TAFKAL80ETC concert, 10, 49
Backstage passes to a TAFKAL80ETC concert, 5, 49
Conjured Mana Cake, 3, 0

-------- day 39 --------
name, sellIn, quality
+5 Dexterity Vest, 10, 0
Aged Brie, 2, 0
Elixir of the Mongoose, 5, 0
Sulfuras, Hand of Ragnaros, 0, 80
Sulfuras, Hand of Ragnaros, -1, 80
Backstage passes to a TAFKAL80ETC concert, 15, 20
Backstage passes to a TAFKAL80ETC concert, 10, 49
Backstage passes to a TAFKAL80ETC concert, 5, 49
Conjured Mana Cake, 3, 0

-------- day 40 --------
name, sellIn, quality
+5 Dexterity Vest, 10, 0
Aged Brie, 2, 0
Elixir of the Mongoose, 5, 0
Sulfuras, Hand of Ragnaros, 0, 80
Sulfuras, Hand of Ragnaros, -1, 80
Backstage passes to a TAFKAL80ETC concert, 15, 20
Backstage passes to a TAFKAL80ETC concert, 10, 49
Backstage passes to a TAFKAL80ETC concert, 5, 49
Conjured Mana Cake, 3, 0

-------- day 41 --------
name, sellIn, quality
+5 Dexterity Vest, 10, 0
Aged Brie, 2, 0
Elixir of the Mongoose, 5, 0
Sulfuras, Hand of Ragnaros, 0, 80
Sulfuras, Hand of Ragnaros, -1, 80
Backstage passes to a TAFKAL80ETC concert, 15, 20
Backstage passes to a TAFKAL80ETC concert, 10, 49
Backstage passes to a TAFKAL80ETC concert, 5, 49
Conjured Mana Cake, 3, 0

-------- day 42 --------
name, sellIn, quality
+5 Dexterity Vest, 10, 0
Aged Brie, 2, 0
Elixir of the Mongoose, 5, 0
Sulfuras, Hand of Ragnaros, 0, 80
Sulfuras, Hand of Ragnaros, -1, 80
Backstage passes to a TAFKAL80ETC concert, 15, 20
Backstage passes to a TAFKAL80ETC concert, 10, 49
Backstage passes to a TAFKAL80ETC concert, 5, 49
Conjured Mana Cake, 3, 0

-------- day 43 --------
name, sellIn, quality
+5 Dexterity Vest, 10, 0
Aged Brie, 2, 0
Elixir of the Mongoose, 5, 0
Sulfuras, Hand of Ragnaros, 0, 80
Sulfuras, Hand of Ragnaros, -1, 80
Backstage passes to a TAFKAL80ETC concert, 15, 20
Backstage passes to a TAFKAL80ETC concert, 10, 49
Backstage passes to a TAFKAL80ETC concert, 5, 49
Conjured Mana Cake, 3, 0

-------- day 44 --------
name, sellIn, quality
+5 Dexterity Vest, 10, 0
Aged Brie, 2, 0
Elixir of the Mongoose, 5, 0
Sulfuras, Hand of Ragnaros, 0, 80
Sulfuras, Hand of Ragnaros, -1, 80
Backstage passes to a TAFKAL80ETC concert, 15, 20
Backstage passes to a TAFKAL80ETC concert, 10, 49
Backstage passes to a TAFKAL80ETC concert, 5, 49
Conjured Mana Cake, 3, 0

-------- day 45 --------
name, sellIn, quality
+5 Dexterity Vest, 10, 0
Aged Brie, 2, 0
Elixir of the Mongoose, 5, 0
Sulfuras, Hand of Ragnaros, 0, 80
Sulfuras, Hand of Ragnaros, -1, 80
Backstage passes to a TAFKAL80ETC concert, 15, 20
Backstage passes to a TAFKAL80ETC concert, 10, 49
Backstage passes to a TAFKAL80ETC concert, 5, 49
Conjured Mana Cake, 3, 0

-------- day 46 --------
name, sellIn, quality
+5 Dexterity Vest, 10, 0
Aged Brie, 2, 0
Elixir of the Mongoose, 5, 0
Sulfuras, Hand of Ragnaros, 0, 80
Sulfuras, Hand of Ragnaros, -1, 80
Backstage passes to a TAFKAL80ETC concert, 15, 20
Backstage passes to a TAFKAL80ETC concert, 10, 49
Backstage passes to a TAFKAL80ETC concert, 5, 49
Conjured Mana Cake, 3, 0

-------- day 47 --------
name, sellIn, quality
+5 Dexterity Vest, 10, 0
Aged Brie, 2, 0
Elixir of the Mongoose, 5, 0
Sulfuras, Hand of Ragnaros, 0, 80
Sulfuras, Hand of Ragnaros, -1, 80
Backstage passes to a TAFKAL80ETC concert, 15, 20
Backstage passes to a TAFKAL80ETC concert, 10, 49
Backstage passes to a TAFKAL80ETC concert, 5, 49
Conjured Mana Cake, 3, 0

-------- day 48 --------
name, sellIn, quality
+5 Dexterity Vest, 10, 0
Aged Brie, 2, 0
Elixir of the Mongoose, 5, 0
Sulfuras, Hand of Ragnaros, 0, 80
Sulfuras, Hand of Ragnaros, -1, 80
Backstage passes to a TAFKAL80ETC concert, 15, 20
Backstage passes to a TAFKAL80ETC concert, 10, 49
Backstage passes to a TAFKAL80ETC concert, 5, 49
Conjured Mana Cake, 3, 0

-------- day 49 --------
name, sellIn, quality
+5 Dexterity Vest, 10, 0
Aged Brie, 2, 0
Elixir of the Mongoose, 5, 0
Sulfuras, Hand of Ragnaros, 0, 80
Sulfuras, Hand of Ragnaros, -1, 80
Backstage passes to a TAFKAL80ETC concert, 15, 20
Backstage passes to a TAFKAL80ETC concert, 10, 49
Backstage passes to a TAFKAL80ETC concert, 5, 49
Conjured Mana Cake, 3, 0

-------- day 50 --------
name, sellIn, quality
+5 Dexterity Vest, 10, 0
Aged Brie, 2, 0
Elixir of the Mongoose, 5, 0
Sulfuras, Hand of Ragnaros, 0, 80
Sulfuras, Hand of Ragnaros, -1, 80
Backstage passes to a TAFKAL80ETC concert, 15, 20
Backstage passes to a TAFKAL80ETC concert, 10, 49
Backstage passes to a TAFKAL80ETC concert, 5, 49
Conjured Mana Cake, 3, 0

