result(out): Backstage passes to a TAFKAL80ETC concert, 0, 49
