result(out): Backstage passes to a TAFKAL80ETC concert, 12, 49
